C51 COMPILER V9.55   INFRARED_TRACK                                                        12/03/2022 15:16:10 PAGE 1   


C51 COMPILER V9.55, COMPILATION OF MODULE INFRARED_TRACK
OBJECT MODULE PLACED IN .\Objects\Infrared track.obj
COMPILER INVOKED BY: F:\Keil_v5\C51\BIN\C51.EXE Infrared track.c OPTIMIZE(8,SPEED) BROWSE INCDIR(..\智能循迹小车) DEBUG 
                    -OBJECTEXTEND PRINT(.\Listings\Infrared track.lst) TABS(2) OBJECT(.\Objects\Infrared track.obj)

line level    source

   1          #include <REGX52.H>
   2          #include "MoveState.h"
   3          #include "Timer.h"
   4          #include "Delay.h"
   5          #include "Infrared track.h"
   6          
   7          
   8          sbit D1=P2^6;
   9          sbit D2=P2^5;
  10          sbit D3=P2^4;
  11          sbit D4=P2^3;
  12          
  13          void Track()   //1为灭 0为亮   灭1   亮0     检测到黑线为灭1   
  14          {
  15   1        
  16   1        if(D1==1&&D2==1&&D3==1&&D4==1)              //小车悬空      灯全灭都为1
  17   1          {
  18   2            PWML=0;                          //左电机初始转速
  19   2            PWMR=0;                       //右电机初始转速
  20   2            CarStop();
  21   2          }
  22   1      //////////////////////////////////////////////////////////////////////////////////////////////////////////
             -//////////    
  23   1          
  24   1          
  25   1        if(D1==0&&D2==1&&D3==0&&D4==0)  //小车右边扫描到黑线（轻微偏左）  小车应该向右移动  0100
  26   1          {
  27   2            PWML=15;                           //左电机初始转速
  28   2            PWMR=9;                       //右电机初始转速
  29   2            CarGo();
  30   2          }
  31   1      //////////////////////////////////////////////////////////////////////////////////////////////////////////
             -//////////    
  32   1          
  33   1      //    if(D1==0&&D2==0&&D3==0&&D4==1)  //小车右边扫描到黑线（转小圈）  小车应该向右移动  1000
  34   1      //    {
  35   1      //      
  36   1      //      PWML=15;                           //左电机初始转速
  37   1      //      PWMR=40;                       //右电机初始转速
  38   1      //      CarGo();
  39   1      //      
  40   1      //    }
  41   1      //////////////////////////////////////////////////////////////////////////////////////////////////////////
             -//////////    
  42   1          
  43   1        if(D1==0&&D2==0&&D3==1&&D4==0)  //小车左边扫描到黑线（轻微偏右） 小车应该向左移动     0010
  44   1          {
  45   2            
  46   2            PWML=9;                           //左电机初始转速
  47   2            PWMR=15;                       //右电机初始转速
  48   2            CarGo();
  49   2          }
  50   1      //////////////////////////////////////////////////////////////////////////////////////////////////////////
             -//////////    
C51 COMPILER V9.55   INFRARED_TRACK                                                        12/03/2022 15:16:10 PAGE 2   

  51   1          
  52   1          
  53   1      //    if(D1==0&&D2==0&&D3==1&&D4==1)  //小车左边扫描到黑线（转小圈）  小车应该向左移动  0001
  54   1      //    {
  55   1      //      
  56   1      //      PWML=10;                           //左电机初始转速
  57   1      //      PWMR=30;                       //右电机初始转速
  58   1      //      CarGo();
  59   1      //      
  60   1      //    }
  61   1      //////////////////////////////////////////////////////////////////////////////////////////////////////////
             -//////////    
  62   1          
  63   1          
  64   1        if(D1==0&&D2==0&&D3==0&&D4==0)  //小车两边都接收到红外线  小车直行      全亮都为0
  65   1          {
  66   2            
  67   2            PWML=11;                           //左电机初始转速
  68   2            PWMR=11;                    //右电机初始转速
  69   2            CarGo();
  70   2            
  71   2          }
  72   1      }


MODULE INFORMATION:   STATIC OVERLAYABLE
   CODE SIZE        =    106    ----
   CONSTANT SIZE    =   ----    ----
   XDATA SIZE       =   ----    ----
   PDATA SIZE       =   ----    ----
   DATA SIZE        =   ----    ----
   IDATA SIZE       =   ----    ----
   BIT SIZE         =   ----    ----
END OF MODULE INFORMATION.


C51 COMPILATION COMPLETE.  0 WARNING(S),  0 ERROR(S)
